[1 -> 2][2 -> 3][3 -> 5]
1 -> 2
1 -> 5
2 -> 3
3 -> 2
3 -> 5
3 components
  1 -> 2
  2 -> 1
  3 -> 1
  5 -> 0
