
For 15 matches, is there a winning strategy for the first player ?
true --- (15, 13) (14, 13) (12, 9) (11, 9) (10, 9) (8, 5) (7, 5) (6, 5) (4, 1) (3, 1) (2, 1) 

For 13 matches, is there a winning strategy for the first player ?
false

