W = WTO, delay=40:
1 -> [-∞; +∞]
2 -> [0; +∞]
3 -> [0; 39]
4 -> [40; +∞]

W = {3}, delay=39:
1 -> [-∞; +∞]
2 -> [0; +∞]
3 -> [0; +∞]
4 -> [40; +∞]

W = WTO, delay=41:
1 -> [-∞; +∞]
2 -> [0; 40]
3 -> [0; 39]
4 -> [40; 40]

