Labels for 2: 2, 4, 6, 8, 10, 12, 14
Labels for 3: 3, 6, 9, 12, 15
Labels for 4: 4, 8, 12
Labels for 5: 5, 10, 15
Labels for 6: 6, 12
Labels for 7: 7, 14
Labels for 8: 8
Labels for 9: 9
Labels for 10: 10
Labels for 11: 11
Labels for 12: 12
Labels for 13: 13
Labels for 14: 14
Labels for 15: 15
