[2 -> 5 : -1]
[5 -> 1 : 8]
[2 -> 4 : 1]
[2 -> 1 : 3]
[3 -> 2 : 4]
[3 -> 5 : 3]
[5 -> 2 : 5]
[1 -> 1 : 0]
[2 -> 3 : -4]
[1 -> 4 : 2]
[5 -> 5 : 0]
[4 -> 4 : 0]
[5 -> 3 : 1]
[1 -> 5 : -4]
[4 -> 5 : -2]
[1 -> 2 : 1]
[2 -> 2 : 0]
[4 -> 3 : -5]
[3 -> 1 : 7]
[3 -> 4 : 5]
[4 -> 2 : -1]
[4 -> 1 : 2]
[1 -> 3 : -3]
[5 -> 4 : 6]
[3 -> 3 : 0]
