7 components
0 -> 0
1 -> 1
2 -> 1
3 -> 2
4 -> 3
5 -> 3
6 -> 4
7 -> 5
8 -> 6
9 -> 0
