Testing `test/e2e/alcotest/failing/filter_all_tests.ml'.
Invalid request (no tests to run, filter skipped everything)!
This run has ID `<uuid>'.

